Microsoft Windows [Version 10.0.17134.48]
(c) 2018 Microsoft Corporation. All rights reserved.

C:\Users\Erik>cd Desktop

C:\Users\Erik\Desktop>md GitHubRepoAssignment

C:\Users\Erik\Desktop>cd GitHubRepoAssignment

C:\Users\Erik\Desktop\GitHubRepoAssignment>git init
Initialized empty Git repository in C:/Users/Erik/Desktop/GitHubRepoAssignment/.git/

C:\Users\Erik\Desktop\GitHubRepoAssignment>copy NUL readme.md
        1 file(s) copied.

C:\Users\Erik\Desktop\GitHubRepoAssignment>git status
On branch master

No commits yet

Untracked files:
  (use "git add <file>..." to include in what will be committed)

        readme.md

nothing added to commit but untracked files present (use "git add" to track)

C:\Users\Erik\Desktop\GitHubRepoAssignment>git add .

C:\Users\Erik\Desktop\GitHubRepoAssignment>git commit -m "added readme"
[master (root-commit) 4fbc987] added readme
 1 file changed, 0 insertions(+), 0 deletions(-)
 create mode 100644 readme.md

C:\Users\Erik\Desktop\GitHubRepoAssignment>git remote add origin https://github.com/E-Ada93/GitHubRepoAssignment.git

C:\Users\Erik\Desktop\GitHubRepoAssignment>git push -u origin master
Counting objects: 3, done.
Writing objects: 100% (3/3), 212 bytes | 212.00 KiB/s, done.
Total 3 (delta 0), reused 0 (delta 0)
To https://github.com/E-Ada93/GitHubRepoAssignment.git
 * [new branch]      master -> master
Branch 'master' set up to track remote branch 'master' from 'origin'.

C:\Users\Erik\Desktop\GitHubRepoAssignment>